02-21 12:46:17.836 I/ActivityTaskManager( 1661): START u0 {act=android.intent.action.MAIN cat=[android.intent.category.LAUNCHER] flg=0x10200000 cmp=com.cogwyrm.app/.MainActivity bnds=[53,2057][248,2373]} with LAUNCH_MULTIPLE from uid 10243 (BAL_ALLOW_VISIBLE_WINDOW) result code=0
02-21 12:46:17.839 V/WindowManagerShell( 2715): Transition requested (#351): android.os.BinderProxy@1abbfd5 TransitionRequestInfo { type = OPEN, triggerTask = TaskInfo{userId=0 taskId=4766 effectiveUid=10469 displayId=0 isRunning=true baseIntent=Intent { act=android.intent.action.MAIN cat=[android.intent.category.LAUNCHER] flg=0x10200000 cmp=com.cogwyrm.app/.MainActivity } baseActivity=ComponentInfo{com.cogwyrm.app/com.cogwyrm.app.MainActivity} topActivity=ComponentInfo{com.cogwyrm.app/com.cogwyrm.app.MainActivity} origActivity=null realActivity=ComponentInfo{com.cogwyrm.app/com.cogwyrm.app.MainActivity} numActivities=1 lastActiveTime=68472413 supportsMultiWindow=true resizeMode=1 isResizeable=true minWidth=-1 minHeight=-1 defaultMinSize=220 token=WCT{android.window.IWindowContainerToken$Stub$Proxy@e51c3ea} topActivityType=1 pictureInPictureParams=null shouldDockBigOverlays=false launchIntoPipHostTaskId=-1 lastParentTaskIdBeforePip=-1 displayCutoutSafeInsets=Rect(0, 173 - 0, 0) topActivityInfo=ActivityInfo{37de6db com.cogwyrm.app.MainActivity} launchCookies=[android.os.BinderProxy@1543578] positionInParent=Point(0, 0) parentTaskId=-1 isFocused=false isVisible=false isVisibleRequested=false isSleeping=false locusId=null displayAreaFeatureId=1 isTopActivityTransparent=false isTopActivityStyleFloating=false lastNonFullscreenBounds=Rect(268, 705 - 812, 1785) capturedLink=null capturedLinkTimestamp=0 appCompatTaskInfo=AppCompatTaskInfo { topActivityInSizeCompat=false eligibleForLetterboxEducation= false isLetterboxEducationEnabled= false isLetterboxDoubleTapEnabled= false eligibleForUserAspectRatioButton= false topActivityBoundsLetterboxed= false isFromLetterboxDoubleTap= false topActivityLetterboxVerticalPosition= -1 topActivityLetterboxHorizontalPosition= -1 topActivityLetterboxWidth=1080 topActivityLetterboxHeight=2424 topActivityLetterboxAppWidth=1080 topActivityLetterboxAppHeight=2144 isUserFullscreenOverrideEnabled=false isSystemFullscreenOverrideEnabled=false hasMinAspectRatioOverride=false cameraCompatTaskInfo=CameraCompatTaskInfo { freeformCameraCompatMode=inactive}}}, pipTask = null, remoteTransition = RemoteTransition { remoteTransition = android.window.IRemoteTransition$Stub$Proxy@bf58451, appThread = android.app.IApplicationThread$Stub$Proxy@d8034b6, debugName = QuickstepLaunch }, displayChange = null, flags = 0, debugId = 351 }
02-21 12:46:17.857 I/ActivityManager( 1661): Start proc 32238:com.cogwyrm.app/u0a469 for next-top-activity {com.cogwyrm.app/com.cogwyrm.app.MainActivity}
02-21 12:46:17.866 I/com.cogwyrm.app(32238): Late-enabling -Xcheck:jni
02-21 12:46:17.880 D/CoreBackPreview( 1661): Window{c69ac5c u0 Splash Screen com.cogwyrm.app}: Setting back callback OnBackInvokedCallbackInfo{mCallback=android.window.IOnBackInvokedCallback$Stub$Proxy@18b0606, mPriority=0, mIsAnimationCallback=false}
02-21 12:46:17.892 V/WindowManager( 1661): Sent Transition (#351) createdAt=02-21 12:46:17.825 via request=TransitionRequestInfo { type = OPEN, triggerTask = TaskInfo{userId=0 taskId=4766 effectiveUid=10469 displayId=0 isRunning=true baseIntent=Intent { act=android.intent.action.MAIN cat=[android.intent.category.LAUNCHER] flg=0x10200000 cmp=com.cogwyrm.app/.MainActivity } baseActivity=ComponentInfo{com.cogwyrm.app/com.cogwyrm.app.MainActivity} topActivity=ComponentInfo{com.cogwyrm.app/com.cogwyrm.app.MainActivity} origActivity=null realActivity=ComponentInfo{com.cogwyrm.app/com.cogwyrm.app.MainActivity} numActivities=1 lastActiveTime=68472413 supportsMultiWindow=true resizeMode=1 isResizeable=true minWidth=-1 minHeight=-1 defaultMinSize=220 token=WCT{RemoteToken{142b663 Task{ab8d318 #4766 type=standard A=10469:com.cogwyrm.app isResizeable=true minWidth=-1 minHeight=-1}}} topActivityType=1 pictureInPictureParams=null shouldDockBigOverlays=false launchIntoPipHostTaskId=-1 lastParentTaskIdBeforePip=-1 displayCutoutSafeInsets=Rect(0, 173 - 0, 0) topActivityInfo=ActivityInfo{8c0260 com.cogwyrm.app.MainActivity} launchCookies=[android.os.BinderProxy@a967319] positionInParent=Point(0, 0) parentTaskId=-1 isFocused=false isVisible=false isVisibleRequested=false isSleeping=false locusId=null displayAreaFeatureId=1 isTopActivityTransparent=false isTopActivityStyleFloating=false lastNonFullscreenBounds=Rect(268, 705 - 812, 1785) capturedLink=null capturedLinkTimestamp=0 appCompatTaskInfo=AppCompatTaskInfo { topActivityInSizeCompat=false eligibleForLetterboxEducation= false isLetterboxEducationEnabled= false isLetterboxDoubleTapEnabled= false eligibleForUserAspectRatioButton= false topActivityBoundsLetterboxed= false isFromLetterboxDoubleTap= false topActivityLetterboxVerticalPosition= -1 topActivityLetterboxHorizontalPosition= -1 topActivityLetterboxWidth=1080 topActivityLetterboxHeight=2424 topActivityLetterboxAppWidth=1080 topActivityLetterboxAppHeight=2144 isUserFullscreenOverrideEnabled=false isSystemFullscreenOverrideEnabled=false hasMinAspectRatioOverride=false cameraCompatTaskInfo=CameraCompatTaskInfo { freeformCameraCompatMode=inactive}}}, pipTask = null, remoteTransition = RemoteTransition { remoteTransition = android.window.IRemoteTransition$Stub$Proxy@776cfde, appThread = android.app.IApplicationThread$Stub$Proxy@4a055bf, debugName = QuickstepLaunch }, displayChange = null, flags = 0, debugId = 351 }
02-21 12:46:17.892 V/WindowManager( 1661):         {WCT{RemoteToken{142b663 Task{ab8d318 #4766 type=standard A=10469:com.cogwyrm.app isResizeable=true minWidth=-1 minHeight=-1}}} m=OPEN f=NONE leash=Surface(name=Task=4766)/@0x2ab94c7 sb=Rect(0, 0 - 1080, 2424) eb=Rect(0, 0 - 1080, 2424) epz=Point(1080, 2424) d=0 taskParent=-1},
02-21 12:46:17.894 I/com.cogwyrm.app(32238): Using CollectorTypeCMC GC.
02-21 12:46:17.927 V/WindowManager( 1661): Binding proc com.cogwyrm.app with config {1.15 310mcc260mnc [en_US] ldltr sw485dp w485dp h964dp 356dpi lrg long hdr widecg port night finger -keyb/v/h -nav/h winConfig={ mBounds=Rect(0, 0 - 1080, 2424) mAppBounds=Rect(0, 173 - 1080, 2317) mMaxBounds=Rect(0, 0 - 1080, 2424) mDisplayRotation=ROTATION_0 mWindowingMode=fullscreen mActivityType=undefined mAlwaysOnTop=undefined mRotation=ROTATION_0} as.3 s.1003 fontWeightAdjustment=0}
02-21 12:46:17.944 W/ziparchive(32238): Unable to open '/data/app/~~m-XHp1JQT3xwqGk-7FbRGw==/com.cogwyrm.app-_KvWI2VLMBjEu3lgGenjJQ==/base.dm': No such file or directory
02-21 12:46:17.944 W/ziparchive(32238): Unable to open '/data/app/~~m-XHp1JQT3xwqGk-7FbRGw==/com.cogwyrm.app-_KvWI2VLMBjEu3lgGenjJQ==/base.dm': No such file or directory
02-21 12:46:18.016 D/nativeloader(32238): Configuring clns-7 for other apk /data/app/~~m-XHp1JQT3xwqGk-7FbRGw==/com.cogwyrm.app-_KvWI2VLMBjEu3lgGenjJQ==/base.apk. target_sdk_version=34, uses_libraries=, library_path=/data/app/~~m-XHp1JQT3xwqGk-7FbRGw==/com.cogwyrm.app-_KvWI2VLMBjEu3lgGenjJQ==/lib/arm64, permitted_path=/data:/mnt/expand:/data/user/0/com.cogwyrm.app
02-21 12:46:18.029 V/GraphicsEnvironment(32238): com.cogwyrm.app is not listed in per-application setting
02-21 12:46:18.047 I/AppsFilter( 1661): interaction: PackageSetting{77a1f7f com.cogwyrm.app/10469} -> PackageSetting{75d3db7 com.google.android.apps.nexuslauncher/10243} BLOCKED
02-21 12:46:18.112 W/com.cogwyrm.app(32238): Accessing hidden method Landroid/view/View;->computeFitSystemWindows(Landroid/graphics/Rect;Landroid/graphics/Rect;)Z (unsupported, reflection, allowed)
02-21 12:46:18.113 W/com.cogwyrm.app(32238): Accessing hidden method Landroid/view/ViewGroup;->makeOptionalFitsSystemWindows()V (unsupported, reflection, allowed)
02-21 12:46:18.296 D/CoreBackPreview( 1661): Window{c7771f9 u0 com.cogwyrm.app/com.cogwyrm.app.MainActivity}: Setting back callback OnBackInvokedCallbackInfo{mCallback=android.window.IOnBackInvokedCallback$Stub$Proxy@ec7c74a, mPriority=0, mIsAnimationCallback=false}
02-21 12:46:18.302 I/com.cogwyrm.app(32238): Compiler allocated 4194KB to compile void android.widget.TextView.<init>(android.content.Context, android.util.AttributeSet, int, int)
02-21 12:46:18.486 W/ziparchive( 1661): Unable to open '/data/app/~~m-XHp1JQT3xwqGk-7FbRGw==/com.cogwyrm.app-_KvWI2VLMBjEu3lgGenjJQ==/base.dm': No such file or directory
02-21 12:46:18.488 I/ActivityTaskManager( 1661): Displayed com.cogwyrm.app/.MainActivity for user 0: +672ms
02-21 12:46:18.525 I/ImeTracker( 1661): com.cogwyrm.app:3ddf5858: onRequestHide at ORIGIN_SERVER reason HIDE_UNSPECIFIED_WINDOW fromUser false
02-21 12:46:18.525 I/ImeTracker( 1661): com.cogwyrm.app:3ddf5858: onCancelled at PHASE_SERVER_SHOULD_HIDE
02-21 12:46:18.527 I/com.cogwyrm.app(32238): Compiler allocated 5281KB to compile void android.view.ViewRootImpl.performTraversals()
02-21 12:46:18.531 I/GoogleInputMethodService( 9213): GoogleInputMethodService.onStartInput():1357 onStartInput(EditorInfo{EditorInfo{packageName=com.cogwyrm.app, inputType=0, inputTypeString=NULL, enableLearning=false, autoCorrection=false, autoComplete=false, imeOptions=0, privateImeOptions=null, actionName=UNSPECIFIED, actionLabel=null, initialSelStart=-1, initialSelEnd=-1, initialCapsMode=0, label=null, fieldId=0, fieldName=null, extras=null, hintText=null, hintLocales=[]}}, false)
02-21 12:46:18.531 W/PackageConfigPersister( 1661): App-specific configuration not found for packageName: com.cogwyrm.app and userId: 0
02-21 12:46:18.612 I/artd    (31553): Dex parent of /data/app/~~m-XHp1JQT3xwqGk-7FbRGw==/com.cogwyrm.app-_KvWI2VLMBjEu3lgGenjJQ==/base.apk is not writable: Permission denied
02-21 12:46:18.612 I/artd    (31553): GetBestInfo checking odex in dalvik-cache (/data/dalvik-cache/arm64/data@app@~~m-XHp1JQT3xwqGk-7FbRGw==@com.cogwyrm.app-_KvWI2VLMBjEu3lgGenjJQ==@base.apk@classes.dex)
02-21 12:46:18.612 I/artd    (31553): Loading /data/dalvik-cache/arm64/data@app@~~m-XHp1JQT3xwqGk-7FbRGw==@com.cogwyrm.app-_KvWI2VLMBjEu3lgGenjJQ==@base.apk@classes.dex with executable: 0
02-21 12:46:18.612 I/artd    (31553): OatFileAssistant test for existing oat file /data/dalvik-cache/arm64/data@app@~~m-XHp1JQT3xwqGk-7FbRGw==@com.cogwyrm.app-_KvWI2VLMBjEu3lgGenjJQ==@base.apk@classes.dex: File /data/dalvik-cache/arm64/data@app@~~m-XHp1JQT3xwqGk-7FbRGw==@com.cogwyrm.app-_KvWI2VLMBjEu3lgGenjJQ==@base.apk@classes.vdex does not exist.
02-21 12:46:18.612 I/artd    (31553): GetBestInfo checking odex next to the dex file (/data/app/~~m-XHp1JQT3xwqGk-7FbRGw==/com.cogwyrm.app-_KvWI2VLMBjEu3lgGenjJQ==/oat/arm64/base.odex)
02-21 12:46:18.612 I/artd    (31553): Loading /data/app/~~m-XHp1JQT3xwqGk-7FbRGw==/com.cogwyrm.app-_KvWI2VLMBjEu3lgGenjJQ==/oat/arm64/base.odex with executable: 0
02-21 12:46:18.612 I/artd    (31553): OatFileAssistant test for existing oat file /data/app/~~m-XHp1JQT3xwqGk-7FbRGw==/com.cogwyrm.app-_KvWI2VLMBjEu3lgGenjJQ==/oat/arm64/base.odex: File /data/app/~~m-XHp1JQT3xwqGk-7FbRGw==/com.cogwyrm.app-_KvWI2VLMBjEu3lgGenjJQ==/oat/arm64/base.vdex does not exist.
02-21 12:46:18.612 I/artd    (31553): GetBestInfo checking vdex in dalvik-cache (/data/dalvik-cache/arm64/data@app@~~m-XHp1JQT3xwqGk-7FbRGw==@com.cogwyrm.app-_KvWI2VLMBjEu3lgGenjJQ==@base.apk@classes.vdex)
02-21 12:46:18.612 I/artd    (31553): unable to open vdex file /data/dalvik-cache/arm64/data@app@~~m-XHp1JQT3xwqGk-7FbRGw==@com.cogwyrm.app-_KvWI2VLMBjEu3lgGenjJQ==@base.apk@classes.vdex: File /data/dalvik-cache/arm64/data@app@~~m-XHp1JQT3xwqGk-7FbRGw==@com.cogwyrm.app-_KvWI2VLMBjEu3lgGenjJQ==@base.apk@classes.vdex does not exist.
02-21 12:46:18.612 I/artd    (31553): OatFileAssistant test for existing oat file /data/dalvik-cache/arm64/data@app@~~m-XHp1JQT3xwqGk-7FbRGw==@com.cogwyrm.app-_KvWI2VLMBjEu3lgGenjJQ==@base.apk@classes.vdex: File /data/dalvik-cache/arm64/data@app@~~m-XHp1JQT3xwqGk-7FbRGw==@com.cogwyrm.app-_KvWI2VLMBjEu3lgGenjJQ==@base.apk@classes.vdex does not exist.
02-21 12:46:18.612 I/artd    (31553): GetBestInfo checking vdex next to the dex file (/data/app/~~m-XHp1JQT3xwqGk-7FbRGw==/com.cogwyrm.app-_KvWI2VLMBjEu3lgGenjJQ==/oat/arm64/base.vdex)
02-21 12:46:18.612 I/artd    (31553): unable to open vdex file /data/app/~~m-XHp1JQT3xwqGk-7FbRGw==/com.cogwyrm.app-_KvWI2VLMBjEu3lgGenjJQ==/oat/arm64/base.vdex: File /data/app/~~m-XHp1JQT3xwqGk-7FbRGw==/com.cogwyrm.app-_KvWI2VLMBjEu3lgGenjJQ==/oat/arm64/base.vdex does not exist.
02-21 12:46:18.612 I/artd    (31553): OatFileAssistant test for existing oat file /data/app/~~m-XHp1JQT3xwqGk-7FbRGw==/com.cogwyrm.app-_KvWI2VLMBjEu3lgGenjJQ==/oat/arm64/base.vdex: File /data/app/~~m-XHp1JQT3xwqGk-7FbRGw==/com.cogwyrm.app-_KvWI2VLMBjEu3lgGenjJQ==/oat/arm64/base.vdex does not exist.
02-21 12:46:18.612 I/artd    (31553): GetBestInfo checking dm (/data/app/~~m-XHp1JQT3xwqGk-7FbRGw==/com.cogwyrm.app-_KvWI2VLMBjEu3lgGenjJQ==/base.dm)
02-21 12:46:18.612 W/ziparchive(31553): Unable to open '/data/app/~~m-XHp1JQT3xwqGk-7FbRGw==/com.cogwyrm.app-_KvWI2VLMBjEu3lgGenjJQ==/base.dm': No such file or directory
02-21 12:46:18.612 I/artd    (31553): OatFileAssistant test for existing oat file /data/app/~~m-XHp1JQT3xwqGk-7FbRGw==/com.cogwyrm.app-_KvWI2VLMBjEu3lgGenjJQ==/base.dm: I/O error
02-21 12:46:18.612 I/artd    (31553): GetBestInfo checking dm (/data/app/~~m-XHp1JQT3xwqGk-7FbRGw==/com.cogwyrm.app-_KvWI2VLMBjEu3lgGenjJQ==/base.dm)
02-21 12:46:18.612 W/ziparchive(31553): Unable to open '/data/app/~~m-XHp1JQT3xwqGk-7FbRGw==/com.cogwyrm.app-_KvWI2VLMBjEu3lgGenjJQ==/base.dm': No such file or directory
02-21 12:46:18.612 I/artd    (31553): OatFileAssistant test for existing oat file /data/app/~~m-XHp1JQT3xwqGk-7FbRGw==/com.cogwyrm.app-_KvWI2VLMBjEu3lgGenjJQ==/base.dm: I/O error
02-21 12:46:18.868 D/CoreBackPreview( 1661): Window{c69ac5c u0 Splash Screen com.cogwyrm.app EXITING}: Setting back callback null
02-21 12:46:23.863 D/ProfileInstaller(32238): Installing profile for com.cogwyrm.app
02-21 12:46:32.422 W/InputDispatcher( 1661): Not sending touch gesture to 3d9808a ActivityRecordInputSink com.cogwyrm.app/.MainActivity because it has config NO_INPUT_CHANNEL
02-21 12:46:32.515 W/InputDispatcher( 1661): Not sending touch gesture to 3d9808a ActivityRecordInputSink com.cogwyrm.app/.MainActivity because it has config NO_INPUT_CHANNEL
02-21 12:46:32.998 W/gle.android.gms(27308): ApkAssets: Deleting an ApkAssets object '<empty> and /data/app/~~m-XHp1JQT3xwqGk-7FbRGw==/com.cogwyrm.app-_KvWI2VLMBjEu3lgGenjJQ==/base.apk' with 1 weak references
02-21 12:47:14.616 W/InputDispatcher( 1661): Not sending touch gesture to 3d9808a ActivityRecordInputSink com.cogwyrm.app/.MainActivity because it has config NO_INPUT_CHANNEL
02-21 12:47:18.185 I/InputDispatcher( 1661):     displayId=0, name='ActivityRecord{d81f6fb u0 com.cogwyrm.app/.MainActivity t4766}', dispatchingTimeout=5000ms
02-21 12:47:18.185 I/InputDispatcher( 1661):     displayId=0, name='c7771f9 com.cogwyrm.app/com.cogwyrm.app.MainActivity'
02-21 12:47:18.185 I/InputDispatcher( 1661):     displayId=0, name='c7771f9 com.cogwyrm.app/com.cogwyrm.app.MainActivity' result='OK'
02-21 12:47:18.185 I/InputDispatcher( 1661):         0 : name='c7771f9 com.cogwyrm.app/com.cogwyrm.app.MainActivity', targetFlags=0x0, mDeviceStates=-1:[touchingPointers=[], downTimeInTarget=<not set>, hoveringPointers=[Pointer(id=0, MOUSE) at (453, 1195)], pilferingPointerIds=<none>]
02-21 12:47:18.186 I/InputDispatcher( 1661):       2: name=c7771f9 com.cogwyrm.app/com.cogwyrm.app.MainActivity, id=-2147480190, displayId=7, inputConfig=CLONE, alpha=1, frame=[0,0][1080,2424], globalScale=1, applicationInfo.name=ActivityRecord{d81f6fb u0 com.cogwyrm.app/.MainActivity t4766}, applicationInfo.token=0xb400007bca797950, touchableRegion=[0,0][1080,2424], ownerPid=32238, ownerUid=10469, dispatchingTimeout=5000ms, token=0xb400007cea9c6610, touchOcclusionMode=BLOCK_UNTRUSTED, canOccludePresentation
02-21 12:47:18.186 I/InputDispatcher( 1661):       3: name=3d9808a ActivityRecordInputSink com.cogwyrm.app/.MainActivity, id=-2147480192, displayId=7, inputConfig=NO_INPUT_CHANNEL | NOT_FOCUSABLE | CLONE, alpha=1, frame=[0,0][0,0], globalScale=0, applicationInfo.name=, applicationInfo.token=<null>, touchableRegion=[0,0][1080,2424], ownerPid=1661, ownerUid=1000, dispatchingTimeout=0ms, token=0x0, touchOcclusionMode=BLOCK_UNTRUSTED
02-21 12:47:18.187 I/InputDispatcher( 1661):       3: name=c7771f9 com.cogwyrm.app/com.cogwyrm.app.MainActivity, id=5986, displayId=0, inputConfig=0x0, alpha=1, frame=[0,0][1080,2424], globalScale=1, applicationInfo.name=ActivityRecord{d81f6fb u0 com.cogwyrm.app/.MainActivity t4766}, applicationInfo.token=0xb400007bca797950, touchableRegion=[0,0][1080,2424], ownerPid=32238, ownerUid=10469, dispatchingTimeout=5000ms, token=0xb400007cea9c6610, touchOcclusionMode=BLOCK_UNTRUSTED, canOccludePresentation
02-21 12:47:18.187 I/InputDispatcher( 1661):       4: name=3d9808a ActivityRecordInputSink com.cogwyrm.app/.MainActivity, id=5984, displayId=0, inputConfig=NO_INPUT_CHANNEL | NOT_FOCUSABLE, alpha=1, frame=[0,0][0,0], globalScale=0, applicationInfo.name=, applicationInfo.token=<null>, touchableRegion=[-10799,-24239][10800,24240], ownerPid=1661, ownerUid=1000, dispatchingTimeout=0ms, token=0x0, touchOcclusionMode=BLOCK_UNTRUSTED
02-21 12:47:18.191 I/InputDispatcher( 1661):     332: channelName='c7771f9 com.cogwyrm.app/com.cogwyrm.app.MainActivity', status=NORMAL, monitor=false, responsive=true
02-21 12:47:18.192 I/InputDispatcher( 1661): Canceling pointers for device -1 in c7771f9 com.cogwyrm.app/com.cogwyrm.app.MainActivity with event MotionEvent
02-21 12:47:18.192 W/InputDispatcher( 1661): channel c7771f9 com.cogwyrm.app/com.cogwyrm.app.MainActivity~ dropping inconsistent event: DispatchEntry{resolvedFlags=0, targetFlags=0x0, transform=transform (ROT_0) (IDENTITY)
02-21 12:47:18.207 I/InputDispatcher( 1661):     displayId=0, name='ActivityRecord{d81f6fb u0 com.cogwyrm.app/.MainActivity t4766}', dispatchingTimeout=5000ms
02-21 12:47:18.207 I/InputDispatcher( 1661):     displayId=0, name='c7771f9 com.cogwyrm.app/com.cogwyrm.app.MainActivity'
02-21 12:47:18.208 I/InputDispatcher( 1661):     displayId=0, name='c7771f9 com.cogwyrm.app/com.cogwyrm.app.MainActivity' result='OK'
02-21 12:47:18.208 I/InputDispatcher( 1661):         0 : name='c7771f9 com.cogwyrm.app/com.cogwyrm.app.MainActivity', targetFlags=FOREGROUND | SPLIT, mDeviceStates=-1:[touchingPointers=[Pointer(id=0, FINGER)], downTimeInTarget=41312565000000, hoveringPointers=[], pilferingPointerIds=<none>]
02-21 12:47:18.208 I/InputDispatcher( 1661):       2: name=c7771f9 com.cogwyrm.app/com.cogwyrm.app.MainActivity, id=-2147480190, displayId=7, inputConfig=CLONE, alpha=1, frame=[0,0][1080,2424], globalScale=1, applicationInfo.name=ActivityRecord{d81f6fb u0 com.cogwyrm.app/.MainActivity t4766}, applicationInfo.token=0xb400007bca797950, touchableRegion=[0,0][1080,2424], ownerPid=32238, ownerUid=10469, dispatchingTimeout=5000ms, token=0xb400007cea9c6610, touchOcclusionMode=BLOCK_UNTRUSTED, canOccludePresentation
02-21 12:47:18.208 I/InputDispatcher( 1661):       3: name=3d9808a ActivityRecordInputSink com.cogwyrm.app/.MainActivity, id=-2147480192, displayId=7, inputConfig=NO_INPUT_CHANNEL | NOT_FOCUSABLE | CLONE, alpha=1, frame=[0,0][0,0], globalScale=0, applicationInfo.name=, applicationInfo.token=<null>, touchableRegion=[0,0][1080,2424], ownerPid=1661, ownerUid=1000, dispatchingTimeout=0ms, token=0x0, touchOcclusionMode=BLOCK_UNTRUSTED
02-21 12:47:18.209 I/InputDispatcher( 1661):       3: name=c7771f9 com.cogwyrm.app/com.cogwyrm.app.MainActivity, id=5986, displayId=0, inputConfig=0x0, alpha=1, frame=[0,0][1080,2424], globalScale=1, applicationInfo.name=ActivityRecord{d81f6fb u0 com.cogwyrm.app/.MainActivity t4766}, applicationInfo.token=0xb400007bca797950, touchableRegion=[0,0][1080,2424], ownerPid=32238, ownerUid=10469, dispatchingTimeout=5000ms, token=0xb400007cea9c6610, touchOcclusionMode=BLOCK_UNTRUSTED, canOccludePresentation
02-21 12:47:18.210 I/InputDispatcher( 1661):       4: name=3d9808a ActivityRecordInputSink com.cogwyrm.app/.MainActivity, id=5984, displayId=0, inputConfig=NO_INPUT_CHANNEL | NOT_FOCUSABLE, alpha=1, frame=[0,0][0,0], globalScale=0, applicationInfo.name=, applicationInfo.token=<null>, touchableRegion=[-10799,-24239][10800,24240], ownerPid=1661, ownerUid=1000, dispatchingTimeout=0ms, token=0x0, touchOcclusionMode=BLOCK_UNTRUSTED
02-21 12:47:18.230 I/InputDispatcher( 1661):     displayId=0, name='ActivityRecord{d81f6fb u0 com.cogwyrm.app/.MainActivity t4766}', dispatchingTimeout=5000ms
02-21 12:47:18.230 I/InputDispatcher( 1661):     displayId=0, name='c7771f9 com.cogwyrm.app/com.cogwyrm.app.MainActivity'
02-21 12:47:18.230 I/InputDispatcher( 1661):     displayId=0, name='c7771f9 com.cogwyrm.app/com.cogwyrm.app.MainActivity' result='OK'
02-21 12:47:18.230 I/InputDispatcher( 1661):         0 : name='c7771f9 com.cogwyrm.app/com.cogwyrm.app.MainActivity', targetFlags=FOREGROUND | SPLIT, mDeviceStates=-1:[touchingPointers=[Pointer(id=0, FINGER)], downTimeInTarget=41312565000000, hoveringPointers=[], pilferingPointerIds=<none>]
02-21 12:47:18.230 I/InputDispatcher( 1661):       2: name=c7771f9 com.cogwyrm.app/com.cogwyrm.app.MainActivity, id=-2147480190, displayId=7, inputConfig=CLONE, alpha=1, frame=[0,0][1080,2424], globalScale=1, applicationInfo.name=ActivityRecord{d81f6fb u0 com.cogwyrm.app/.MainActivity t4766}, applicationInfo.token=0xb400007bca797950, touchableRegion=[0,0][1080,2424], ownerPid=32238, ownerUid=10469, dispatchingTimeout=5000ms, token=0xb400007cea9c6610, touchOcclusionMode=BLOCK_UNTRUSTED, canOccludePresentation
02-21 12:47:18.230 I/InputDispatcher( 1661):       3: name=3d9808a ActivityRecordInputSink com.cogwyrm.app/.MainActivity, id=-2147480192, displayId=7, inputConfig=NO_INPUT_CHANNEL | NOT_FOCUSABLE | CLONE, alpha=1, frame=[0,0][0,0], globalScale=0, applicationInfo.name=, applicationInfo.token=<null>, touchableRegion=[0,0][1080,2424], ownerPid=1661, ownerUid=1000, dispatchingTimeout=0ms, token=0x0, touchOcclusionMode=BLOCK_UNTRUSTED
02-21 12:47:18.232 I/InputDispatcher( 1661):       3: name=c7771f9 com.cogwyrm.app/com.cogwyrm.app.MainActivity, id=5986, displayId=0, inputConfig=0x0, alpha=1, frame=[0,0][1080,2424], globalScale=1, applicationInfo.name=ActivityRecord{d81f6fb u0 com.cogwyrm.app/.MainActivity t4766}, applicationInfo.token=0xb400007bca797950, touchableRegion=[0,0][1080,2424], ownerPid=32238, ownerUid=10469, dispatchingTimeout=5000ms, token=0xb400007cea9c6610, touchOcclusionMode=BLOCK_UNTRUSTED, canOccludePresentation
02-21 12:47:18.233 I/InputDispatcher( 1661):       4: name=3d9808a ActivityRecordInputSink com.cogwyrm.app/.MainActivity, id=5984, displayId=0, inputConfig=NO_INPUT_CHANNEL | NOT_FOCUSABLE, alpha=1, frame=[0,0][0,0], globalScale=0, applicationInfo.name=, applicationInfo.token=<null>, touchableRegion=[-10799,-24239][10800,24240], ownerPid=1661, ownerUid=1000, dispatchingTimeout=0ms, token=0x0, touchOcclusionMode=BLOCK_UNTRUSTED
02-21 12:47:18.308 I/InputDispatcher( 1661):     displayId=0, name='ActivityRecord{d81f6fb u0 com.cogwyrm.app/.MainActivity t4766}', dispatchingTimeout=5000ms
02-21 12:47:18.308 I/InputDispatcher( 1661):     displayId=0, name='c7771f9 com.cogwyrm.app/com.cogwyrm.app.MainActivity'
02-21 12:47:18.308 I/InputDispatcher( 1661):     displayId=0, name='c7771f9 com.cogwyrm.app/com.cogwyrm.app.MainActivity' result='OK'
02-21 12:47:18.308 I/InputDispatcher( 1661):         0 : name='c7771f9 com.cogwyrm.app/com.cogwyrm.app.MainActivity', targetFlags=FOREGROUND | SPLIT, mDeviceStates=-1:[touchingPointers=[Pointer(id=0, FINGER)], downTimeInTarget=41312565000000, hoveringPointers=[], pilferingPointerIds=<none>]
02-21 12:47:18.308 I/InputDispatcher( 1661):       2: name=c7771f9 com.cogwyrm.app/com.cogwyrm.app.MainActivity, id=-2147480190, displayId=7, inputConfig=CLONE, alpha=1, frame=[0,0][1080,2424], globalScale=1, applicationInfo.name=ActivityRecord{d81f6fb u0 com.cogwyrm.app/.MainActivity t4766}, applicationInfo.token=0xb400007bca797950, touchableRegion=[0,0][1080,2424], ownerPid=32238, ownerUid=10469, dispatchingTimeout=5000ms, token=0xb400007cea9c6610, touchOcclusionMode=BLOCK_UNTRUSTED, canOccludePresentation
02-21 12:47:18.308 I/InputDispatcher( 1661):       3: name=3d9808a ActivityRecordInputSink com.cogwyrm.app/.MainActivity, id=-2147480192, displayId=7, inputConfig=NO_INPUT_CHANNEL | NOT_FOCUSABLE | CLONE, alpha=1, frame=[0,0][0,0], globalScale=0, applicationInfo.name=, applicationInfo.token=<null>, touchableRegion=[0,0][1080,2424], ownerPid=1661, ownerUid=1000, dispatchingTimeout=0ms, token=0x0, touchOcclusionMode=BLOCK_UNTRUSTED
02-21 12:47:18.309 I/InputDispatcher( 1661):       3: name=c7771f9 com.cogwyrm.app/com.cogwyrm.app.MainActivity, id=5986, displayId=0, inputConfig=0x0, alpha=1, frame=[0,0][1080,2424], globalScale=1, applicationInfo.name=ActivityRecord{d81f6fb u0 com.cogwyrm.app/.MainActivity t4766}, applicationInfo.token=0xb400007bca797950, touchableRegion=[0,0][1080,2424], ownerPid=32238, ownerUid=10469, dispatchingTimeout=5000ms, token=0xb400007cea9c6610, touchOcclusionMode=BLOCK_UNTRUSTED, canOccludePresentation
02-21 12:47:18.309 I/InputDispatcher( 1661):       4: name=3d9808a ActivityRecordInputSink com.cogwyrm.app/.MainActivity, id=5984, displayId=0, inputConfig=NO_INPUT_CHANNEL | NOT_FOCUSABLE, alpha=1, frame=[0,0][0,0], globalScale=0, applicationInfo.name=, applicationInfo.token=<null>, touchableRegion=[-10799,-24239][10800,24240], ownerPid=1661, ownerUid=1000, dispatchingTimeout=0ms, token=0x0, touchOcclusionMode=BLOCK_UNTRUSTED
02-21 12:47:18.312 I/InputDispatcher( 1661):     332: channelName='c7771f9 com.cogwyrm.app/com.cogwyrm.app.MainActivity', status=NORMAL, monitor=false, responsive=true
02-21 12:47:18.365 V/ACCESSIBILITY( 5475): CLICK - text: Connect; viewId: com.cogwyrm.app:id/connect_button
02-21 12:47:18.365 V/JOAOMGCD( 5475): AutoInput-CLICK - text: Connect; viewId: com.cogwyrm.app:id/connect_button
02-21 12:47:18.420 W/com.cogwyrm.app(32238): Accessing hidden field Ljava/net/URI;->userInfo:Ljava/lang/String; (max-target-o, reflection, allowed)
02-21 12:47:18.420 W/com.cogwyrm.app(32238): Accessing hidden field Ljava/net/URI;->host:Ljava/lang/String; (unsupported, reflection, allowed)
02-21 12:47:18.420 W/com.cogwyrm.app(32238): Accessing hidden field Ljava/net/URI;->port:I (unsupported, reflection, allowed)
02-21 12:47:18.426 D/AlarmPingSender(32238): Unregister alarmreceiver to MqttServiceCogwyrmMQTT-9679a07c-3ac2-4b9d-a023-e090f1aaab89
02-21 12:47:18.433 D/AlarmPingSender(32238): Unregister alarmreceiver to MqttServiceCogwyrmMQTT-9679a07c-3ac2-4b9d-a023-e090f1aaab89
02-21 12:47:18.447 E/MQTTService(32238): Connection failure: Unable to connect to server
02-21 12:47:19.631 D/ActivityThread(11441): Package [com.cogwyrm.app] reported as REPLACED, but missing application info. Assuming REMOVED.
02-21 12:47:19.639 D/ActivityThread(11441): Package [com.cogwyrm.app] reported as REPLACED, but missing application info. Assuming REMOVED.
02-21 12:47:31.707 I/InputDispatcher( 1661):     displayId=0, name='ActivityRecord{d81f6fb u0 com.cogwyrm.app/.MainActivity t4766}', dispatchingTimeout=5000ms
02-21 12:47:31.707 I/InputDispatcher( 1661):     displayId=0, name='c7771f9 com.cogwyrm.app/com.cogwyrm.app.MainActivity'
02-21 12:47:31.707 I/InputDispatcher( 1661):     displayId=0, name='c7771f9 com.cogwyrm.app/com.cogwyrm.app.MainActivity' result='OK'
02-21 12:47:31.708 I/InputDispatcher( 1661):         0 : name='c7771f9 com.cogwyrm.app/com.cogwyrm.app.MainActivity', targetFlags=0x0, mDeviceStates=-1:[touchingPointers=[], downTimeInTarget=<not set>, hoveringPointers=[Pointer(id=0, MOUSE) at (357, 1230)], pilferingPointerIds=<none>]
02-21 12:47:31.708 I/InputDispatcher( 1661):       2: name=c7771f9 com.cogwyrm.app/com.cogwyrm.app.MainActivity, id=-2147480190, displayId=7, inputConfig=CLONE, alpha=1, frame=[0,0][1080,2424], globalScale=1, applicationInfo.name=ActivityRecord{d81f6fb u0 com.cogwyrm.app/.MainActivity t4766}, applicationInfo.token=0xb400007bca797950, touchableRegion=[0,0][1080,2424], ownerPid=32238, ownerUid=10469, dispatchingTimeout=5000ms, token=0xb400007cea9c6610, touchOcclusionMode=BLOCK_UNTRUSTED, canOccludePresentation
02-21 12:47:31.708 I/InputDispatcher( 1661):       3: name=3d9808a ActivityRecordInputSink com.cogwyrm.app/.MainActivity, id=-2147480192, displayId=7, inputConfig=NO_INPUT_CHANNEL | NOT_FOCUSABLE | CLONE, alpha=1, frame=[0,0][0,0], globalScale=0, applicationInfo.name=, applicationInfo.token=<null>, touchableRegion=[0,0][1080,2424], ownerPid=1661, ownerUid=1000, dispatchingTimeout=0ms, token=0x0, touchOcclusionMode=BLOCK_UNTRUSTED
02-21 12:47:31.709 I/InputDispatcher( 1661):       3: name=c7771f9 com.cogwyrm.app/com.cogwyrm.app.MainActivity, id=5986, displayId=0, inputConfig=0x0, alpha=1, frame=[0,0][1080,2424], globalScale=1, applicationInfo.name=ActivityRecord{d81f6fb u0 com.cogwyrm.app/.MainActivity t4766}, applicationInfo.token=0xb400007bca797950, touchableRegion=[0,0][1080,2424], ownerPid=32238, ownerUid=10469, dispatchingTimeout=5000ms, token=0xb400007cea9c6610, touchOcclusionMode=BLOCK_UNTRUSTED, canOccludePresentation
02-21 12:47:31.709 I/InputDispatcher( 1661):       4: name=3d9808a ActivityRecordInputSink com.cogwyrm.app/.MainActivity, id=5984, displayId=0, inputConfig=NO_INPUT_CHANNEL | NOT_FOCUSABLE, alpha=1, frame=[0,0][0,0], globalScale=0, applicationInfo.name=, applicationInfo.token=<null>, touchableRegion=[-10799,-24239][10800,24240], ownerPid=1661, ownerUid=1000, dispatchingTimeout=0ms, token=0x0, touchOcclusionMode=BLOCK_UNTRUSTED
02-21 12:47:31.712 I/InputDispatcher( 1661):     332: channelName='c7771f9 com.cogwyrm.app/com.cogwyrm.app.MainActivity', status=NORMAL, monitor=false, responsive=true
02-21 12:47:31.714 I/InputDispatcher( 1661): Canceling pointers for device -1 in c7771f9 com.cogwyrm.app/com.cogwyrm.app.MainActivity with event MotionEvent
02-21 12:47:31.714 W/InputDispatcher( 1661): channel c7771f9 com.cogwyrm.app/com.cogwyrm.app.MainActivity~ dropping inconsistent event: DispatchEntry{resolvedFlags=0, targetFlags=0x0, transform=transform (ROT_0) (IDENTITY)
02-21 12:47:31.717 I/InputDispatcher( 1661):     displayId=0, name='ActivityRecord{d81f6fb u0 com.cogwyrm.app/.MainActivity t4766}', dispatchingTimeout=5000ms
02-21 12:47:31.717 I/InputDispatcher( 1661):     displayId=0, name='c7771f9 com.cogwyrm.app/com.cogwyrm.app.MainActivity'
02-21 12:47:31.717 I/InputDispatcher( 1661):     displayId=0, name='c7771f9 com.cogwyrm.app/com.cogwyrm.app.MainActivity' result='OK'
02-21 12:47:31.718 I/InputDispatcher( 1661):         0 : name='c7771f9 com.cogwyrm.app/com.cogwyrm.app.MainActivity', targetFlags=FOREGROUND | SPLIT, mDeviceStates=-1:[touchingPointers=[Pointer(id=0, FINGER)], downTimeInTarget=41326088000000, hoveringPointers=[], pilferingPointerIds=<none>]
02-21 12:47:31.718 I/InputDispatcher( 1661):       2: name=c7771f9 com.cogwyrm.app/com.cogwyrm.app.MainActivity, id=-2147480190, displayId=7, inputConfig=CLONE, alpha=1, frame=[0,0][1080,2424], globalScale=1, applicationInfo.name=ActivityRecord{d81f6fb u0 com.cogwyrm.app/.MainActivity t4766}, applicationInfo.token=0xb400007bca797950, touchableRegion=[0,0][1080,2424], ownerPid=32238, ownerUid=10469, dispatchingTimeout=5000ms, token=0xb400007cea9c6610, touchOcclusionMode=BLOCK_UNTRUSTED, canOccludePresentation
02-21 12:47:31.718 I/InputDispatcher( 1661):       3: name=3d9808a ActivityRecordInputSink com.cogwyrm.app/.MainActivity, id=-2147480192, displayId=7, inputConfig=NO_INPUT_CHANNEL | NOT_FOCUSABLE | CLONE, alpha=1, frame=[0,0][0,0], globalScale=0, applicationInfo.name=, applicationInfo.token=<null>, touchableRegion=[0,0][1080,2424], ownerPid=1661, ownerUid=1000, dispatchingTimeout=0ms, token=0x0, touchOcclusionMode=BLOCK_UNTRUSTED
02-21 12:47:31.719 I/InputDispatcher( 1661):       3: name=c7771f9 com.cogwyrm.app/com.cogwyrm.app.MainActivity, id=5986, displayId=0, inputConfig=0x0, alpha=1, frame=[0,0][1080,2424], globalScale=1, applicationInfo.name=ActivityRecord{d81f6fb u0 com.cogwyrm.app/.MainActivity t4766}, applicationInfo.token=0xb400007bca797950, touchableRegion=[0,0][1080,2424], ownerPid=32238, ownerUid=10469, dispatchingTimeout=5000ms, token=0xb400007cea9c6610, touchOcclusionMode=BLOCK_UNTRUSTED, canOccludePresentation
02-21 12:47:31.719 I/InputDispatcher( 1661):       4: name=3d9808a ActivityRecordInputSink com.cogwyrm.app/.MainActivity, id=5984, displayId=0, inputConfig=NO_INPUT_CHANNEL | NOT_FOCUSABLE, alpha=1, frame=[0,0][0,0], globalScale=0, applicationInfo.name=, applicationInfo.token=<null>, touchableRegion=[-10799,-24239][10800,24240], ownerPid=1661, ownerUid=1000, dispatchingTimeout=0ms, token=0x0, touchOcclusionMode=BLOCK_UNTRUSTED
02-21 12:47:31.721 I/InputDispatcher( 1661):     332: channelName='c7771f9 com.cogwyrm.app/com.cogwyrm.app.MainActivity', status=NORMAL, monitor=false, responsive=true
02-21 12:47:31.769 V/ACCESSIBILITY( 5475): CLICK - text: Connect; viewId: com.cogwyrm.app:id/connect_button
02-21 12:47:31.769 V/JOAOMGCD( 5475): AutoInput-CLICK - text: Connect; viewId: com.cogwyrm.app:id/connect_button
02-21 12:47:31.770 D/AlarmPingSender(32238): Unregister alarmreceiver to MqttServiceCogwyrmMQTT-fc35253d-1e9f-490c-81cd-aec1a8306838
02-21 12:47:31.776 D/AlarmPingSender(32238): Unregister alarmreceiver to MqttServiceCogwyrmMQTT-fc35253d-1e9f-490c-81cd-aec1a8306838
02-21 12:47:31.780 E/MQTTService(32238): Connection failure: Unable to connect to server
02-21 12:47:34.569 I/InputDispatcher( 1661):     displayId=0, name='ActivityRecord{d81f6fb u0 com.cogwyrm.app/.MainActivity t4766}', dispatchingTimeout=5000ms
02-21 12:47:34.569 I/InputDispatcher( 1661):     displayId=0, name='c7771f9 com.cogwyrm.app/com.cogwyrm.app.MainActivity'
02-21 12:47:34.569 I/InputDispatcher( 1661):     displayId=0, name='c7771f9 com.cogwyrm.app/com.cogwyrm.app.MainActivity' result='OK'
02-21 12:47:34.569 I/InputDispatcher( 1661):         0 : name='c7771f9 com.cogwyrm.app/com.cogwyrm.app.MainActivity', targetFlags=0x0, mDeviceStates=-1:[touchingPointers=[], downTimeInTarget=<not set>, hoveringPointers=[Pointer(id=0, MOUSE) at (322, 616)], pilferingPointerIds=<none>]
02-21 12:47:34.569 I/InputDispatcher( 1661):       2: name=c7771f9 com.cogwyrm.app/com.cogwyrm.app.MainActivity, id=-2147480190, displayId=7, inputConfig=CLONE, alpha=1, frame=[0,0][1080,2424], globalScale=1, applicationInfo.name=ActivityRecord{d81f6fb u0 com.cogwyrm.app/.MainActivity t4766}, applicationInfo.token=0xb400007bca797950, touchableRegion=[0,0][1080,2424], ownerPid=32238, ownerUid=10469, dispatchingTimeout=5000ms, token=0xb400007cea9c6610, touchOcclusionMode=BLOCK_UNTRUSTED, canOccludePresentation
02-21 12:47:34.569 I/InputDispatcher( 1661):       3: name=3d9808a ActivityRecordInputSink com.cogwyrm.app/.MainActivity, id=-2147480192, displayId=7, inputConfig=NO_INPUT_CHANNEL | NOT_FOCUSABLE | CLONE, alpha=1, frame=[0,0][0,0], globalScale=0, applicationInfo.name=, applicationInfo.token=<null>, touchableRegion=[0,0][1080,2424], ownerPid=1661, ownerUid=1000, dispatchingTimeout=0ms, token=0x0, touchOcclusionMode=BLOCK_UNTRUSTED
02-21 12:47:34.571 I/InputDispatcher( 1661):       3: name=c7771f9 com.cogwyrm.app/com.cogwyrm.app.MainActivity, id=5986, displayId=0, inputConfig=0x0, alpha=1, frame=[0,0][1080,2424], globalScale=1, applicationInfo.name=ActivityRecord{d81f6fb u0 com.cogwyrm.app/.MainActivity t4766}, applicationInfo.token=0xb400007bca797950, touchableRegion=[0,0][1080,2424], ownerPid=32238, ownerUid=10469, dispatchingTimeout=5000ms, token=0xb400007cea9c6610, touchOcclusionMode=BLOCK_UNTRUSTED, canOccludePresentation
02-21 12:47:34.571 I/InputDispatcher( 1661):       4: name=3d9808a ActivityRecordInputSink com.cogwyrm.app/.MainActivity, id=5984, displayId=0, inputConfig=NO_INPUT_CHANNEL | NOT_FOCUSABLE, alpha=1, frame=[0,0][0,0], globalScale=0, applicationInfo.name=, applicationInfo.token=<null>, touchableRegion=[-10799,-24239][10800,24240], ownerPid=1661, ownerUid=1000, dispatchingTimeout=0ms, token=0x0, touchOcclusionMode=BLOCK_UNTRUSTED
02-21 12:47:34.575 I/InputDispatcher( 1661):     332: channelName='c7771f9 com.cogwyrm.app/com.cogwyrm.app.MainActivity', status=NORMAL, monitor=false, responsive=true
02-21 12:47:34.576 I/InputDispatcher( 1661): Canceling pointers for device -1 in c7771f9 com.cogwyrm.app/com.cogwyrm.app.MainActivity with event MotionEvent
02-21 12:47:34.576 W/InputDispatcher( 1661): channel c7771f9 com.cogwyrm.app/com.cogwyrm.app.MainActivity~ dropping inconsistent event: DispatchEntry{resolvedFlags=0, targetFlags=0x0, transform=transform (ROT_0) (IDENTITY)
02-21 12:47:34.654 I/InputDispatcher( 1661):     displayId=0, name='ActivityRecord{d81f6fb u0 com.cogwyrm.app/.MainActivity t4766}', dispatchingTimeout=5000ms
02-21 12:47:34.654 I/InputDispatcher( 1661):     displayId=0, name='c7771f9 com.cogwyrm.app/com.cogwyrm.app.MainActivity'
02-21 12:47:34.654 I/InputDispatcher( 1661):     displayId=0, name='c7771f9 com.cogwyrm.app/com.cogwyrm.app.MainActivity' result='OK'
02-21 12:47:34.654 I/InputDispatcher( 1661):         0 : name='c7771f9 com.cogwyrm.app/com.cogwyrm.app.MainActivity', targetFlags=FOREGROUND | SPLIT, mDeviceStates=-1:[touchingPointers=[Pointer(id=0, FINGER)], downTimeInTarget=41328949000000, hoveringPointers=[], pilferingPointerIds=<none>]
02-21 12:47:34.655 I/InputDispatcher( 1661):       2: name=c7771f9 com.cogwyrm.app/com.cogwyrm.app.MainActivity, id=-2147480190, displayId=7, inputConfig=CLONE, alpha=1, frame=[0,0][1080,2424], globalScale=1, applicationInfo.name=ActivityRecord{d81f6fb u0 com.cogwyrm.app/.MainActivity t4766}, applicationInfo.token=0xb400007bca797950, touchableRegion=[0,0][1080,2424], ownerPid=32238, ownerUid=10469, dispatchingTimeout=5000ms, token=0xb400007cea9c6610, touchOcclusionMode=BLOCK_UNTRUSTED, canOccludePresentation
02-21 12:47:34.655 I/InputDispatcher( 1661):       3: name=3d9808a ActivityRecordInputSink com.cogwyrm.app/.MainActivity, id=-2147480192, displayId=7, inputConfig=NO_INPUT_CHANNEL | NOT_FOCUSABLE | CLONE, alpha=1, frame=[0,0][0,0], globalScale=0, applicationInfo.name=, applicationInfo.token=<null>, touchableRegion=[0,0][1080,2424], ownerPid=1661, ownerUid=1000, dispatchingTimeout=0ms, token=0x0, touchOcclusionMode=BLOCK_UNTRUSTED
02-21 12:47:34.656 I/InputDispatcher( 1661):       3: name=c7771f9 com.cogwyrm.app/com.cogwyrm.app.MainActivity, id=5986, displayId=0, inputConfig=0x0, alpha=1, frame=[0,0][1080,2424], globalScale=1, applicationInfo.name=ActivityRecord{d81f6fb u0 com.cogwyrm.app/.MainActivity t4766}, applicationInfo.token=0xb400007bca797950, touchableRegion=[0,0][1080,2424], ownerPid=32238, ownerUid=10469, dispatchingTimeout=5000ms, token=0xb400007cea9c6610, touchOcclusionMode=BLOCK_UNTRUSTED, canOccludePresentation
02-21 12:47:34.656 I/InputDispatcher( 1661):       4: name=3d9808a ActivityRecordInputSink com.cogwyrm.app/.MainActivity, id=5984, displayId=0, inputConfig=NO_INPUT_CHANNEL | NOT_FOCUSABLE, alpha=1, frame=[0,0][0,0], globalScale=0, applicationInfo.name=, applicationInfo.token=<null>, touchableRegion=[-10799,-24239][10800,24240], ownerPid=1661, ownerUid=1000, dispatchingTimeout=0ms, token=0x0, touchOcclusionMode=BLOCK_UNTRUSTED
02-21 12:47:34.660 I/InputDispatcher( 1661):     332: channelName='c7771f9 com.cogwyrm.app/com.cogwyrm.app.MainActivity', status=NORMAL, monitor=false, responsive=true
02-21 12:47:34.680 I/ImeTracker(32238): com.cogwyrm.app:141be3a5: onRequestShow at ORIGIN_CLIENT reason SHOW_SOFT_INPUT fromUser true
02-21 12:47:34.683 I/GoogleInputMethodService( 9213): GoogleInputMethodService.onStartInput():1357 onStartInput(EditorInfo{EditorInfo{packageName=com.cogwyrm.app, inputType=11, inputTypeString=Uri[], enableLearning=false, autoCorrection=false, autoComplete=true, imeOptions=8000005, privateImeOptions=null, actionName=NEXT, actionLabel=null, initialSelStart=0, initialSelEnd=0, initialCapsMode=0, label=null, fieldId=2131230820, fieldName=null, extras=Bundle[mParcelledData.dataSize=404], hintText=non-empty, hintLocales=[]}}, false)
02-21 12:47:34.690 W/PackageConfigPersister( 1661): App-specific configuration not found for packageName: com.cogwyrm.app and userId: 0
02-21 12:47:34.695 I/GoogleInputMethodService( 9213): GoogleInputMethodService.onStartInputView():1454 onStartInputView(EditorInfo{EditorInfo{packageName=com.cogwyrm.app, inputType=11, inputTypeString=Uri[], enableLearning=false, autoCorrection=false, autoComplete=true, imeOptions=8000005, privateImeOptions=null, actionName=NEXT, actionLabel=null, initialSelStart=0, initialSelEnd=0, initialCapsMode=0, label=null, fieldId=2131230820, fieldName=null, extras=Bundle[{android.support.text.emoji.emojiCompat_metadataVersion=10, androidx.core.view.inputmethod.EditorInfoCompat.STYLUS_HANDWRITING_ENABLED=true, android.support.text.emoji.emojiCompat_replaceAll=false}], hintText=non-empty, hintLocales=[]}}, false)
02-21 12:47:34.696 V/ACCESSIBILITY( 5475): CLICK - text: Broker URL; viewId: com.cogwyrm.app:id/broker_url_input
02-21 12:47:34.696 V/JOAOMGCD( 5475): AutoInput-CLICK - text: Broker URL; viewId: com.cogwyrm.app:id/broker_url_input
02-21 12:47:34.698 I/AndroidIME( 9213): AbstractIme.onActivate():90 LatinIme.onActivate() : EditorInfo = EditorInfo{packageName=com.cogwyrm.app, inputType=11, inputTypeString=Uri[], enableLearning=false, autoCorrection=false, autoComplete=true, imeOptions=8000005, privateImeOptions=null, actionName=NEXT, actionLabel=null, initialSelStart=0, initialSelEnd=0, initialCapsMode=0, label=null, fieldId=2131230820, fieldName=null, extras=Bundle[{android.support.text.emoji.emojiCompat_metadataVersion=10, androidx.core.view.inputmethod.EditorInfoCompat.STYLUS_HANDWRITING_ENABLED=true, android.support.text.emoji.emojiCompat_replaceAll=false}], hintText=non-empty, hintLocales=[]}, IncognitoMode = false, DeviceLocked = false
02-21 12:47:34.773 D/CoreBackPreview( 1661): Window{c7771f9 u0 com.cogwyrm.app/com.cogwyrm.app.MainActivity}: Setting back callback OnBackInvokedCallbackInfo{mCallback=android.window.IOnBackInvokedCallback$Stub$Proxy@8bb37d6, mPriority=0, mIsAnimationCallback=true}
02-21 12:47:34.781 W/InteractionJankMonitor(32238): Initializing without READ_DEVICE_CONFIG permission. enabled=false, interval=1, missedFrameThreshold=3, frameTimeThreshold=64, package=com.cogwyrm.app
02-21 12:47:35.012 I/ImeTracker(32238): com.cogwyrm.app:141be3a5: onShown
02-21 12:47:38.561 I/ImeTracker( 1661): com.cogwyrm.app:39a907f3: onRequestShow at ORIGIN_SERVER reason ATTACH_NEW_INPUT fromUser false
02-21 12:47:38.574 I/GoogleInputMethodService( 9213): GoogleInputMethodService.onStartInput():1357 onStartInput(EditorInfo{EditorInfo{packageName=com.cogwyrm.app, inputType=2, inputTypeString=Number, enableLearning=false, autoCorrection=false, autoComplete=false, imeOptions=c000005, privateImeOptions=null, actionName=NEXT, actionLabel=null, initialSelStart=0, initialSelEnd=0, initialCapsMode=0, label=null, fieldId=2131230819, fieldName=null, extras=Bundle[mParcelledData.dataSize=404], hintText=non-empty, hintLocales=[]}}, false)
02-21 12:47:38.577 W/PackageConfigPersister( 1661): App-specific configuration not found for packageName: com.cogwyrm.app and userId: 0
02-21 12:47:38.578 I/GoogleInputMethodService( 9213): GoogleInputMethodService.onStartInputView():1454 onStartInputView(EditorInfo{EditorInfo{packageName=com.cogwyrm.app, inputType=2, inputTypeString=Number, enableLearning=false, autoCorrection=false, autoComplete=false, imeOptions=c000005, privateImeOptions=null, actionName=NEXT, actionLabel=null, initialSelStart=0, initialSelEnd=0, initialCapsMode=0, label=null, fieldId=2131230819, fieldName=null, extras=Bundle[{android.support.text.emoji.emojiCompat_metadataVersion=10, androidx.core.view.inputmethod.EditorInfoCompat.STYLUS_HANDWRITING_ENABLED=true, android.support.text.emoji.emojiCompat_replaceAll=false}], hintText=non-empty, hintLocales=[]}}, false)
02-21 12:47:38.579 D/CoreBackPreview( 1661): Window{c7771f9 u0 com.cogwyrm.app/com.cogwyrm.app.MainActivity}: Setting back callback OnBackInvokedCallbackInfo{mCallback=android.window.IOnBackInvokedCallback$Stub$Proxy@66a7072, mPriority=0, mIsAnimationCallback=false}
02-21 12:47:38.580 V/ACCESSIBILITY( 5475): CLICK - text: 1883; viewId: com.cogwyrm.app:id/broker_port_input
02-21 12:47:38.580 V/JOAOMGCD( 5475): AutoInput-CLICK - text: 1883; viewId: com.cogwyrm.app:id/broker_port_input
02-21 12:47:38.620 D/CoreBackPreview( 1661): Window{c7771f9 u0 com.cogwyrm.app/com.cogwyrm.app.MainActivity}: Setting back callback OnBackInvokedCallbackInfo{mCallback=android.window.IOnBackInvokedCallback$Stub$Proxy@94cc940, mPriority=0, mIsAnimationCallback=true}
02-21 12:47:38.621 I/ImeTracker(32238): com.cogwyrm.app:39a907f3: onCancelled at PHASE_CLIENT_APPLY_ANIMATION
02-21 12:47:38.677 W/omgcd.autoinput( 5475): ApkAssets: Deleting an ApkAssets object '<empty> and /data/app/~~m-XHp1JQT3xwqGk-7FbRGw==/com.cogwyrm.app-_KvWI2VLMBjEu3lgGenjJQ==/base.apk' with 1 weak references
02-21 12:47:41.886 I/ImeTracker( 1661): com.cogwyrm.app:f968ae84: onRequestShow at ORIGIN_SERVER reason ATTACH_NEW_INPUT fromUser false
02-21 12:47:41.899 I/GoogleInputMethodService( 9213): GoogleInputMethodService.onStartInput():1357 onStartInput(EditorInfo{EditorInfo{packageName=com.cogwyrm.app, inputType=20001, inputTypeString=Normal[MultiLine], enableLearning=true, autoCorrection=true, autoComplete=true, imeOptions=44000006, privateImeOptions=null, actionName=DONE, actionLabel=null, initialSelStart=0, initialSelEnd=0, initialCapsMode=0, label=null, fieldId=2131230840, fieldName=null, extras=Bundle[mParcelledData.dataSize=404], hintText=non-empty, hintLocales=[]}}, false)
02-21 12:47:41.901 W/PackageConfigPersister( 1661): App-specific configuration not found for packageName: com.cogwyrm.app and userId: 0
02-21 12:47:41.901 I/GoogleInputMethodService( 9213): GoogleInputMethodService.onStartInputView():1454 onStartInputView(EditorInfo{EditorInfo{packageName=com.cogwyrm.app, inputType=20001, inputTypeString=Normal[MultiLine], enableLearning=true, autoCorrection=true, autoComplete=true, imeOptions=44000006, privateImeOptions=null, actionName=DONE, actionLabel=null, initialSelStart=0, initialSelEnd=0, initialCapsMode=0, label=null, fieldId=2131230840, fieldName=null, extras=Bundle[{android.support.text.emoji.emojiCompat_metadataVersion=10, androidx.core.view.inputmethod.EditorInfoCompat.STYLUS_HANDWRITING_ENABLED=true, android.support.text.emoji.emojiCompat_replaceAll=false}], hintText=non-empty, hintLocales=[]}}, false)
02-21 12:47:41.902 D/CoreBackPreview( 1661): Window{c7771f9 u0 com.cogwyrm.app/com.cogwyrm.app.MainActivity}: Setting back callback OnBackInvokedCallbackInfo{mCallback=android.window.IOnBackInvokedCallback$Stub$Proxy@3d5396c, mPriority=0, mIsAnimationCallback=false}
02-21 12:47:41.903 I/AndroidIME( 9213): AbstractIme.onActivate():90 LatinIme.onActivate() : EditorInfo = EditorInfo{packageName=com.cogwyrm.app, inputType=20001, inputTypeString=Normal[MultiLine], enableLearning=true, autoCorrection=true, autoComplete=true, imeOptions=44000006, privateImeOptions=null, actionName=DONE, actionLabel=null, initialSelStart=0, initialSelEnd=0, initialCapsMode=0, label=null, fieldId=2131230840, fieldName=null, extras=Bundle[{android.support.text.emoji.emojiCompat_metadataVersion=10, androidx.core.view.inputmethod.EditorInfoCompat.STYLUS_HANDWRITING_ENABLED=true, android.support.text.emoji.emojiCompat_replaceAll=false}], hintText=non-empty, hintLocales=[]}, IncognitoMode = false, DeviceLocked = false
02-21 12:47:41.914 V/ACCESSIBILITY( 5475): CLICK - text: Client ID; viewId: com.cogwyrm.app:id/client_id_input
02-21 12:47:41.914 V/JOAOMGCD( 5475): AutoInput-CLICK - text: Client ID; viewId: com.cogwyrm.app:id/client_id_input
02-21 12:47:41.949 I/ImeTracker(32238): com.cogwyrm.app:f968ae84: onCancelled at PHASE_CLIENT_APPLY_ANIMATION
02-21 12:47:41.950 D/CoreBackPreview( 1661): Window{c7771f9 u0 com.cogwyrm.app/com.cogwyrm.app.MainActivity}: Setting back callback OnBackInvokedCallbackInfo{mCallback=android.window.IOnBackInvokedCallback$Stub$Proxy@9339bca, mPriority=0, mIsAnimationCallback=true}
02-21 12:47:47.022 I/InputDispatcher( 1661):     displayId=0, name='ActivityRecord{d81f6fb u0 com.cogwyrm.app/.MainActivity t4766}', dispatchingTimeout=5000ms
02-21 12:47:47.022 I/InputDispatcher( 1661):     displayId=0, name='c7771f9 com.cogwyrm.app/com.cogwyrm.app.MainActivity'
02-21 12:47:47.022 I/InputDispatcher( 1661):     displayId=0, name='c7771f9 com.cogwyrm.app/com.cogwyrm.app.MainActivity' result='OK'
02-21 12:47:47.022 I/InputDispatcher( 1661):         0 : name='c7771f9 com.cogwyrm.app/com.cogwyrm.app.MainActivity', targetFlags=0x0, mDeviceStates=-1:[touchingPointers=[], downTimeInTarget=<not set>, hoveringPointers=[Pointer(id=0, MOUSE) at (453, 1195)], pilferingPointerIds=<none>]
02-21 12:47:47.023 I/InputDispatcher( 1661):       3: name=c7771f9 com.cogwyrm.app/com.cogwyrm.app.MainActivity, id=-2147480190, displayId=7, inputConfig=CLONE, alpha=1, frame=[0,0][1080,2424], globalScale=1, applicationInfo.name=ActivityRecord{d81f6fb u0 com.cogwyrm.app/.MainActivity t4766}, applicationInfo.token=0xb400007bca797950, touchableRegion=[0,0][1080,2424], ownerPid=32238, ownerUid=10469, dispatchingTimeout=5000ms, token=0xb400007cea9c6610, touchOcclusionMode=BLOCK_UNTRUSTED, canOccludePresentation
02-21 12:47:47.023 I/InputDispatcher( 1661):       4: name=3d9808a ActivityRecordInputSink com.cogwyrm.app/.MainActivity, id=-2147480192, displayId=7, inputConfig=NO_INPUT_CHANNEL | NOT_FOCUSABLE | CLONE, alpha=1, frame=[0,0][0,0], globalScale=0, applicationInfo.name=, applicationInfo.token=<null>, touchableRegion=[0,0][1080,2424], ownerPid=1661, ownerUid=1000, dispatchingTimeout=0ms, token=0x0, touchOcclusionMode=BLOCK_UNTRUSTED
